Current CompileTask:
C2:   3287  401             com.android.dx.ssa.back.FirstFitLocalCombiningAllocator::handleNormalUnassociated (99 bytes)


---------------  P R O C E S S  ---------------

Java Threads: ( => current thread )
  0x000000000ba10000 JavaThread "pool-2-thread-3" [_thread_in_vm, id=9376, stack(0x000000000cb10000,0x000000000cc10000)]
  0x0000000009ddb800 JavaThread "pool-3-thread-1" [_thread_blocked, id=6280, stack(0x000000000c6d0000,0x000000000c7d0000)]
  0x0000000008c4e000 JavaThread "Service Thread" daemon [_thread_blocked, id=9340, stack(0x000000000acd0000,0x000000000add0000)]
=>0x0000000008c4a000 JavaThread "C2 CompilerThread1" daemon [_thread_in_vm, id=7268, stack(0x000000000b7e0000,0x000000000b8e0000)]
  0x0000000008c44800 JavaThread "C2 CompilerThread0" daemon [_thread_blocked, id=8416, stack(0x000000000b620000,0x000000000b720000)]
  0x0000000008c43800 JavaThread "Attach Listener" daemon [_thread_blocked, id=10180, stack(0x000000000b420000,0x000000000b520000)]
  0x0000000008c42000 JavaThread "Signal Dispatcher" daemon [_thread_blocked, id=7880, stack(0x000000000b1c0000,0x000000000b2c0000)]
  0x0000000008c37000 JavaThread "Finalizer" daemon [_thread_blocked, id=5860, stack(0x000000000afd0000,0x000000000b0d0000)]
  0x0000000008c30800 JavaThread "Reference Handler" daemon [_thread_blocked, id=9668, stack(0x000000000ae10000,0x000000000af10000)]
  0x000000000025e000 JavaThread "main" [_thread_blocked, id=6720, stack(0x00000000022f0000,0x00000000023f0000)]

Other Threads:
  0x0000000009b93800 VMThread [stack: 0x000000000abb0000,0x000000000acb0000] [id=9628]
  0x0000000008c4f000 WatcherThread [stack: 0x000000000b900000,0x000000000ba00000] [id=8056]

VM state:not at safepoint (normal execution)

VM Mutex/Monitor currently owned by a thread:  ([mutex/lock_event])
[0x000000000025b680] CodeCache_lock - owner thread: 0x0000000008c4a000
[0x000000000025cdb0] Compile_lock - owner thread: 0x0000000008c4a000
[0x000000000025ceb0] MethodCompileQueue_lock - owner thread: 0x0000000008c4a000

Heap
 PSYoungGen      total 138240K, used 124082K [0x00000000eaa80000, 0x00000000f3680000, 0x0000000100000000)
  eden space 133120K, 89% used [0x00000000eaa80000,0x00000000f1eb0f28,0x00000000f2c80000)
  from space 5120K, 99% used [0x00000000f3180000,0x00000000f367bba8,0x00000000f3680000)
  to   space 5120K, 0% used [0x00000000f2c80000,0x00000000f2c80000,0x00000000f3180000)
 ParOldGen       total 86528K, used 24736K [0x00000000c0000000, 0x00000000c5480000, 0x00000000eaa80000)
  object space 86528K, 28% used [0x00000000c0000000,0x00000000c1828088,0x00000000c5480000)
 PSPermGen       total 21504K, used 6079K [0x00000000bae00000, 0x00000000bc300000, 0x00000000c0000000)
  object space 21504K, 28% used [0x00000000bae00000,0x00000000bb3efcb0,0x00000000bc300000)

Card table byte_map: [0x00000000054b0000,0x00000000056e0000] byte_map_base: 0x0000000004ed9000

Polling page: 0x0000000000230000

Code Cache  [0x00000000023f0000, 0x0000000002660000, 0x00000000053f0000)
 total_blobs=647 nmethods=407 adapters=189 free_code_cache=47254Kb largest_free_block=48346176

Compilation events (10 events):
Event: 3.230 Thread 0x0000000008c44800 nmethod 405 0x00000000025c1290 code [0x00000000025c1560, 0x00000000025c2d90]
Event: 3.230 Thread 0x0000000008c44800  406             com.android.dx.cf.direct.DirectClassFile::getBytes (5 bytes)
Event: 3.230 Thread 0x0000000008c44800 nmethod 406 0x00000000025a4c10 code [0x00000000025a4d40, 0x00000000025a4d98]
Event: 3.230 Thread 0x0000000008c44800  407             com.android.dx.cf.code.BaseMachine::popArgs (62 bytes)
Event: 3.236 Thread 0x0000000008c44800 nmethod 407 0x00000000025ad150 code [0x00000000025ad2c0, 0x00000000025ad7c8]
Event: 3.236 Thread 0x0000000008c44800  408             java.io.DataInputStream::readUnsignedShort (39 bytes)
Event: 3.239 Thread 0x0000000008c44800 nmethod 408 0x00000000025a6150 code [0x00000000025a62a0, 0x00000000025a6458]
Event: 3.239 Thread 0x0000000008c44800  409             com.android.dx.ssa.LocalVariableExtractor::doit (59 bytes)
Event: 3.244 Thread 0x0000000008c44800 nmethod 409 0x00000000025ab510 code [0x00000000025ab660, 0x00000000025ab948]
Event: 3.244 Thread 0x0000000008c44800  410             com.android.dx.ssa.back.InterferenceGraph::ensureCapacity (42 bytes)

GC Heap History (8 events):
Event: 0.908 GC heap before
{Heap before GC invocations=1 (full 0):
 PSYoungGen      total 38400K, used 33280K [0x00000000eaa80000, 0x00000000ed500000, 0x0000000100000000)
  eden space 33280K, 100% used [0x00000000eaa80000,0x00000000ecb00000,0x00000000ecb00000)
  from space 5120K, 0% used [0x00000000ed000000,0x00000000ed000000,0x00000000ed500000)
  to   space 5120K, 0% used [0x00000000ecb00000,0x00000000ecb00000,0x00000000ed000000)
 ParOldGen       total 86528K, used 0K [0x00000000c0000000, 0x00000000c5480000, 0x00000000eaa80000)
  object space 86528K, 0% used [0x00000000c0000000,0x00000000c0000000,0x00000000c5480000)
 PSPermGen       total 21504K, used 5833K [0x00000000bae00000, 0x00000000bc300000, 0x00000000c0000000)
  object space 21504K, 27% used [0x00000000bae00000,0x00000000bb3b25f8,0x00000000bc300000)
Event: 0.930 GC heap after
Heap after GC invocations=1 (full 0):
 PSYoungGen      total 38400K, used 5108K [0x00000000eaa80000, 0x00000000ef580000, 0x0000000100000000)
  eden space 33280K, 0% used [0x00000000eaa80000,0x00000000eaa80000,0x00000000ecb00000)
  from space 5120K, 99% used [0x00000000ecb00000,0x00000000ecffd048,0x00000000ed000000)
  to   space 5120K, 0% used [0x00000000ef080000,0x00000000ef080000,0x00000000ef580000)
 ParOldGen       total 86528K, used 680K [0x00000000c0000000, 0x00000000c5480000, 0x00000000eaa80000)
  object space 86528K, 0% used [0x00000000c0000000,0x00000000c00aa3f8,0x00000000c5480000)
 PSPermGen       total 21504K, used 5833K [0x00000000bae00000, 0x00000000bc300000, 0x00000000c0000000)
  object space 21504K, 27% used [0x00000000bae00000,0x00000000bb3b25f8,0x00000000bc300000)
}
Event: 1.183 GC heap before
{Heap before GC invocations=2 (full 0):
 PSYoungGen      total 38400K, used 38388K [0x00000000eaa80000, 0x00000000ef580000, 0x0000000100000000)
  eden space 33280K, 100% used [0x00000000eaa80000,0x00000000ecb00000,0x00000000ecb00000)
  from space 5120K, 99% used [0x00000000ecb00000,0x00000000ecffd048,0x00000000ed000000)
  to   space 5120K, 0% used [0x00000000ef080000,0x00000000ef080000,0x00000000ef580000)
 ParOldGen       total 86528K, used 680K [0x00000000c0000000, 0x00000000c5480000, 0x00000000eaa80000)
  object space 86528K, 0% used [0x00000000c0000000,0x00000000c00aa3f8,0x00000000c5480000)
 PSPermGen       total 21504K, used 5929K [0x00000000bae00000, 0x00000000bc300000, 0x00000000c0000000)
  object space 21504K, 27% used [0x00000000bae00000,0x00000000bb3ca658,0x00000000bc300000)
Event: 1.200 GC heap after
Heap after GC invocations=2 (full 0):
 PSYoungGen      total 71680K, used 5102K [0x00000000eaa80000, 0x00000000ef580000, 0x0000000100000000)
  eden space 66560K, 0% used [0x00000000eaa80000,0x00000000eaa80000,0x00000000eeb80000)
  from space 5120K, 99% used [0x00000000ef080000,0x00000000ef57b968,0x00000000ef580000)
  to   space 5120K, 0% used [0x00000000eeb80000,0x00000000eeb80000,0x00000000ef080000)
 ParOldGen       total 86528K, used 5256K [0x00000000c0000000, 0x00000000c5480000, 0x00000000eaa80000)
  object space 86528K, 6% used [0x00000000c0000000,0x00000000c0522390,0x00000000c5480000)
 PSPermGen       total 21504K, used 5929K [0x00000000bae00000, 0x00000000bc300000, 0x00000000c0000000)
  object space 21504K, 27% used [0x00000000bae00000,0x00000000bb3ca658,0x00000000bc300000)
}
Event: 1.721 GC heap before
{Heap before GC invocations=3 (full 0):
 PSYoungGen      total 71680K, used 71662K [0x00000000eaa80000, 0x00000000ef580000, 0x0000000100000000)
  eden space 66560K, 100% used [0x00000000eaa80000,0x00000000eeb80000,0x00000000eeb80000)
  from space 5120K, 99% used [0x00000000ef080000,0x00000000ef57b968,0x00000000ef580000)
  to   space 5120K, 0% used [0x00000000eeb80000,0x00000000eeb80000,0x00000000ef080000)
 ParOldGen       total 86528K, used 5256K [0x00000000c0000000, 0x00000000c5480000, 0x00000000eaa80000)
  object space 86528K, 6% used [0x00000000c0000000,0x00000000c0522390,0x00000000c5480000)
 PSPermGen       total 21504K, used 5991K [0x00000000bae00000, 0x00000000bc300000, 0x00000000c0000000)
  object space 21504K, 27% used [0x00000000bae00000,0x00000000bb3d9cd8,0x00000000bc300000)
Event: 1.771 GC heap after
Heap after GC invocations=3 (full 0):
 PSYoungGen      total 71680K, used 5097K [0x00000000eaa80000, 0x00000000f3680000, 0x0000000100000000)
  eden space 66560K, 0% used [0x00000000eaa80000,0x00000000eaa80000,0x00000000eeb80000)
  from space 5120K, 99% used [0x00000000eeb80000,0x00000000ef07a540,0x00000000ef080000)
  to   space 5120K, 0% used [0x00000000f3180000,0x00000000f3180000,0x00000000f3680000)
 ParOldGen       total 86528K, used 15398K [0x00000000c0000000, 0x00000000c5480000, 0x00000000eaa80000)
  object space 86528K, 17% used [0x00000000c0000000,0x00000000c0f09a68,0x00000000c5480000)
 PSPermGen       total 21504K, used 5991K [0x00000000bae00000, 0x00000000bc300000, 0x00000000c0000000)
  object space 21504K, 27% used [0x00000000bae00000,0x00000000bb3d9cd8,0x00000000bc300000)
}
Event: 2.322 GC heap before
{Heap before GC invocations=4 (full 0):
 PSYoungGen      total 71680K, used 71657K [0x00000000eaa80000, 0x00000000f3680000, 0x0000000100000000)
  eden space 66560K, 100% used [0x00000000eaa80000,0x00000000eeb80000,0x00000000eeb80000)
  from space 5120K, 99% used [0x00000000eeb80000,0x00000000ef07a540,0x00000000ef080000)
  to   space 5120K, 0% used [0x00000000f3180000,0x00000000f3180000,0x00000000f3680000)
 ParOldGen       total 86528K, used 15398K [0x00000000c0000000, 0x00000000c5480000, 0x00000000eaa80000)
  object space 86528K, 17% used [0x00000000c0000000,0x00000000c0f09a68,0x00000000c5480000)
 PSPermGen       total 21504K, used 6032K [0x00000000bae00000, 0x00000000bc300000, 0x00000000c0000000)
  object space 21504K, 28% used [0x00000000bae00000,0x00000000bb3e40f8,0x00000000bc300000)
Event: 2.340 GC heap after
Heap after GC invocations=4 (full 0):
 PSYoungGen      total 138240K, used 5102K [0x00000000eaa80000, 0x00000000f3680000, 0x0000000100000000)
  eden space 133120K, 0% used [0x00000000eaa80000,0x00000000eaa80000,0x00000000f2c80000)
  from space 5120K, 99% used [0x00000000f3180000,0x00000000f367bba8,0x00000000f3680000)
  to   space 5120K, 0% used [0x00000000f2c80000,0x00000000f2c80000,0x00000000f3180000)
 ParOldGen       total 86528K, used 24736K [0x00000000c0000000, 0x00000000c5480000, 0x00000000eaa80000)
  object space 86528K, 28% used [0x00000000c0000000,0x00000000c1828088,0x00000000c5480000)
 PSPermGen       total 21504K, used 6032K [0x00000000bae00000, 0x00000000bc300000, 0x00000000c0000000)
  object space 21504K, 28% used [0x00000000bae00000,0x00000000bb3e40f8,0x00000000bc300000)
}

Deoptimization events (9 events):
Event: 0.576 Thread 0x0000000009ddd800 Uncommon trap: reason=class_check action=maybe_recompile pc=0x000000000246cd74 method=com.android.dx.ssa.NormalSsaInsn.accept(Lcom/android/dx/ssa/SsaInsn$Visitor;)V @ 9
Event: 0.706 Thread 0x000000000ba15800 Uncommon trap: reason=null_check action=make_not_entrant pc=0x000000000247708c method=com.android.dx.rop.code.LocalItem.equals(Ljava/lang/Object;)Z @ 1
Event: 0.725 Thread 0x000000000ba10000 Uncommon trap: reason=class_check action=maybe_recompile pc=0x000000000246cd74 method=com.android.dx.ssa.NormalSsaInsn.accept(Lcom/android/dx/ssa/SsaInsn$Visitor;)V @ 9
Event: 0.743 Thread 0x0000000009dd9800 Uncommon trap: reason=class_check action=maybe_recompile pc=0x000000000246cd74 method=com.android.dx.ssa.NormalSsaInsn.accept(Lcom/android/dx/ssa/SsaInsn$Visitor;)V @ 9
Event: 0.879 Thread 0x000000000025e000 Uncommon trap: reason=null_check action=make_not_entrant pc=0x0000000002492b90 method=com.android.dx.rop.type.Type.equals(Ljava/lang/Object;)Z @ 8
Event: 0.972 Thread 0x000000000ba15800 Uncommon trap: reason=null_check action=make_not_entrant pc=0x00000000024ac8d8 method=com.android.dx.ssa.SsaRenamer.getLocalForNewReg(I)Lcom/android/dx/rop/code/LocalItem; @ 19
Event: 1.117 Thread 0x000000000025e000 Uncommon trap: reason=unreached action=reinterpret pc=0x0000000002475044 method=com.android.dx.rop.cst.Constant.compareTo(Lcom/android/dx/rop/cst/Constant;)I @ 12
Event: 1.230 Thread 0x0000000009dd9800 Uncommon trap: reason=unreached action=reinterpret pc=0x00000000024a7790 method=com.android.dx.ssa.LocalVariableExtractor.processBlock(I)V @ 251
Event: 1.503 Thread 0x000000000025e000 Uncommon trap: reason=null_check action=make_not_entrant pc=0x00000000024d33f0 method=com.android.dx.rop.type.Type.putIntern(Lcom/android/dx/rop/type/Type;)Lcom/android/dx/rop/type/Type; @ 18

Internal exceptions (10 events):
Event: 0.706 Thread 0x000000000ba15800 Implicit null exception at 0x0000000002476d18 to 0x0000000002477079
Event: 0.756 Thread 0x000000000ba10000 Threw 0x00000000ec10ff18 at C:\re\jdk7u75\1940\hotspot\src\share\vm\prims\jvm.cpp:1281
Event: 0.796 Thread 0x0000000009dd9800 Threw 0x00000000ec28cc10 at C:\re\jdk7u75\1940\hotspot\src\share\vm\prims\jvm.cpp:1281
Event: 0.879 Thread 0x000000000025e000 Implicit null exception at 0x0000000002492a92 to 0x0000000002492b82
Event: 0.972 Thread 0x000000000ba15800 Implicit null exception at 0x00000000024ab64c to 0x00000000024ac8a9
Event: 0.999 Thread 0x000000000025e000 Threw 0x00000000eb4a41d0 at C:\re\jdk7u75\1940\hotspot\src\share\vm\prims\jvm.cpp:1281
Event: 1.363 Thread 0x000000000ba15800 Threw 0x00000000ebe79738 at C:\re\jdk7u75\1940\hotspot\src\share\vm\prims\jvm.cpp:1281
Event: 1.420 Thread 0x000000000025e000 Threw 0x00000000ec6a1168 at C:\re\jdk7u75\1940\hotspot\src\share\vm\prims\jvm.cpp:1281
Event: 1.503 Thread 0x000000000025e000 Implicit null exception at 0x00000000024d2d03 to 0x00000000024d33e1
Event: 2.077 Thread 0x000000000025e000 Threw 0x00000000ed044dc0 at C:\re\jdk7u75\1940\hotspot\src\share\vm\prims\jvm.cpp:1281

Events (10 events):
Event: 2.340 Executing VM operation: ParallelGCFailedAllocation done
Event: 2.728 Thread 0x0000000008c4a000 flushing nmethod 0x00000000024769d0
Event: 2.742 Thread 0x0000000008c44800 flushing nmethod 0x0000000002492910
Event: 3.099 loading class 0x0000000008a83b60
Event: 3.099 loading class 0x0000000008a83b60 done
Event: 3.099 loading class 0x0000000008a83b30
Event: 3.099 loading class 0x0000000008a83b30 done
Event: 3.153 Thread 0x0000000009ddd800 Thread exited: 0x0000000009ddd800
Event: 3.156 Thread 0x0000000009dd9800 Thread exited: 0x0000000009dd9800
Event: 3.221 Thread 0x000000000ba15800 Thread exited: 0x000000000ba15800


Dynamic libraries:
0x000000013f4b0000 - 0x000000013f4e3000 	C:\Program Files\Java\jdk1.7.0_75\bin\java.exe
0x0000000077270000 - 0x0000000077419000 	C:\Windows\SYSTEM32\ntdll.dll
0x0000000077050000 - 0x000000007716f000 	C:\Windows\system32\kernel32.dll
0x000007fefd370000 - 0x000007fefd3db000 	C:\Windows\system32\KERNELBASE.dll
0x000000006ee20000 - 0x000000006eece000 	C:\Program Files\Bitdefender\Antivirus Free Edition\avc3\avc3_sig_372\avcuf64.dll
0x000007fefd600000 - 0x000007fefd6db000 	C:\Windows\system32\ADVAPI32.dll
0x000007fefe750000 - 0x000007fefe7ef000 	C:\Windows\system32\msvcrt.dll
0x000007fefe6b0000 - 0x000007fefe6cf000 	C:\Windows\SYSTEM32\sechost.dll
0x000007fefd6e0000 - 0x000007fefd80d000 	C:\Windows\system32\RPCRT4.dll
0x0000000077170000 - 0x000000007726a000 	C:\Windows\system32\USER32.dll
0x000007fefe640000 - 0x000007fefe6a7000 	C:\Windows\system32\GDI32.dll
0x000007fefd5c0000 - 0x000007fefd5ce000 	C:\Windows\system32\LPK.dll
0x000007fefd4f0000 - 0x000007fefd5b9000 	C:\Windows\system32\USP10.dll
0x000007fefb940000 - 0x000007fefbb34000 	C:\Windows\WinSxS\amd64_microsoft.windows.common-controls_6595b64144ccf1df_6.0.7601.17514_none_fa396087175ac9ac\COMCTL32.dll
0x000007fefd810000 - 0x000007fefd881000 	C:\Windows\system32\SHLWAPI.dll
0x000007fefd5d0000 - 0x000007fefd5fe000 	C:\Windows\system32\IMM32.DLL
0x000007fefe100000 - 0x000007fefe209000 	C:\Windows\system32\MSCTF.dll
0x000000006c980000 - 0x000000006ca52000 	C:\Program Files\Java\jdk1.7.0_75\jre\bin\msvcr100.dll
0x00000000563d0000 - 0x0000000056ba4000 	C:\Program Files\Java\jdk1.7.0_75\jre\bin\server\jvm.dll
0x000007fef86e0000 - 0x000007fef86e9000 	C:\Windows\system32\WSOCK32.dll
0x000007fefdb40000 - 0x000007fefdb8d000 	C:\Windows\system32\WS2_32.dll
0x000007fefdb90000 - 0x000007fefdb98000 	C:\Windows\system32\NSI.dll
0x000007fefac60000 - 0x000007fefac9b000 	C:\Windows\system32\WINMM.dll
0x0000000077430000 - 0x0000000077437000 	C:\Windows\system32\PSAPI.DLL
0x000000006eaf0000 - 0x000000006eaff000 	C:\Program Files\Java\jdk1.7.0_75\jre\bin\verify.dll
0x000000006d210000 - 0x000000006d238000 	C:\Program Files\Java\jdk1.7.0_75\jre\bin\java.dll
0x000000006ead0000 - 0x000000006eae5000 	C:\Program Files\Java\jdk1.7.0_75\jre\bin\zip.dll
0x000000006d1f0000 - 0x000000006d209000 	C:\Program Files\Java\jdk1.7.0_75\jre\bin\net.dll
0x000007fefc850000 - 0x000007fefc8a5000 	C:\Windows\system32\mswsock.dll
0x000007fefc840000 - 0x000007fefc847000 	C:\Windows\System32\wship6.dll
0x000000006d1d0000 - 0x000000006d1e1000 	C:\Program Files\Java\jdk1.7.0_75\jre\bin\nio.dll

VM Arguments:
jvm_args: -Djava.awt.headless=true -Xmx1024M -Dfile.encoding=windows-1251 -Duser.country=RU -Duser.language=ru -Duser.variant 
java_command: com.android.dx.command.Main --dex --force-jumbo --num-threads=4 --multi-dex --output C:\Users\Hikaro\AndroidStudioProjects\SimplePaint2\app\build\intermediates\transforms\dex\debug\folders\1000\10\com.android.support-appcompat-v7-23.4.0_077087db90b91c0670f130091dcb1c1d6621edf9 C:\Users\Hikaro\AndroidStudioProjects\SimplePaint2\app\build\intermediates\exploded-aar\com.android.support\appcompat-v7\23.4.0\jars\classes.jar
Launcher Type: SUN_STANDARD

Environment Variables:
PATH=C:\Program Files (x86)\PC Connectivity Solution\;C:\ProgramData\Oracle\Java\javapath;C:\Windows\system32;C:\Windows;C:\Windows\System32\Wbem;C:\Windows\System32\WindowsPowerShell\v1.0\;C:\Program Files (x86)\Common Files\Acronis\SnapAPI\;C:\Program Files (x86)\Pinnacle\Shared Files\;C:\Program Files (x86)\NVIDIA Corporation\PhysX\Common;C:\Program Files (x86)\Skype\Phone\;C:\Program Files (x86)\mingw-w64\i686-4.9.1-posix-dwarf-rt_v3-rev1\mingw32\bin
USERNAME=Hikaro
OS=Windows_NT
PROCESSOR_IDENTIFIER=Intel64 Family 6 Model 58 Stepping 9, GenuineIntel



---------------  S Y S T E M  ---------------

OS: Windows 7 , 64 bit Build 7601 Service Pack 1

CPU:total 8 (4 cores per cpu, 2 threads per core) family 6 model 58 stepping 9, cmov, cx8, fxsr, mmx, sse, sse2, sse3, ssse3, sse4.1, sse4.2, popcnt, avx, aes, erms, ht, tsc, tscinvbit, tscinv

Memory: 4k page, physical 8332040k(2221516k free), swap 11402176k(57992k free)

vm_info: Java HotSpot(TM) 64-Bit Server VM (24.75-b04) for windows-amd64 JRE (1.7.0_75-b13), built on Dec 18 2014 17:15:01 by "java_re" with unknown MS VC++:1600

time: Mon Nov 14 00:44:27 2016
elapsed time: 3 seconds

